---
source: crates/parser/src/tests.rs
description: "declare foo : [Int] -> Int [left-assoc]\n"
input_file: crates/parser/test_data/parser/inline/ok/dir/0099_declare_attrs.ath
---
INFIX_DECLARE_DIR
  DECLARE_KW "declare"
  WHITESPACE " "
  NAME
    IDENT "foo"
  WHITESPACE " "
  COLON ":"
  WHITESPACE " "
  FUNC_SORTS
    L_BRACK "["
    IDENT_SORT
      NAME_REF
        IDENT "Int"
    R_BRACK "]"
  WHITESPACE " "
  THIN_ARROW "->"
  WHITESPACE " "
  IDENT_SORT
    NAME_REF
      IDENT "Int"
  WHITESPACE " "
  DECLARE_ATTRS
    L_BRACK "["
    DECLARE_ATTR
      LEFT_ASSOC_KW "left-assoc"
    R_BRACK "]"
  WHITESPACE "\n"

