---
source: crates/parser/src/tests.rs
description: "|{ foo := 1, bar := 2 }|\n"
input_file: crates/parser/test_data/parser/inline/ok/expr/0121_simple_map_expr.ath
---
MAP_EXPR
  PIPE_CURLY "|{"
  WHITESPACE " "
  MAP_BINDING
    IDENT_EXPR
      NAME_REF
        IDENT "foo"
    WHITESPACE " "
    COLON_EQ ":="
    WHITESPACE " "
    IDENT_EXPR
      NAME_REF
        IDENT "1"
  COMMA ","
  WHITESPACE " "
  MAP_BINDING
    IDENT_EXPR
      NAME_REF
        IDENT "bar"
    WHITESPACE " "
    COLON_EQ ":="
    WHITESPACE " "
    IDENT_EXPR
      NAME_REF
        IDENT "2"
  WHITESPACE " "
  CURLY_PIPE "}|"
  WHITESPACE "\n"

