---
source: crates/parser/src/tests.rs
description: "(let (domain Foo) foo)\n"
input_file: crates/parser/test_data/parser/inline/err/expr/0155_prefix_let_expr_no_binding.ath
---
PREFIX_LET_EXPR
  L_PAREN "("
  LET_KW "let"
  WHITESPACE " "
  L_PAREN "("
  ERROR
    DOMAIN_KW "domain"
  WHITESPACE " "
  ERROR
    IDENT "Foo"
  R_PAREN ")"
  WHITESPACE " "
  IDENT_EXPR
    NAME_REF
      IDENT "foo"
  R_PAREN ")"
  WHITESPACE "\n"
error 6: Expected to find a prefix binding in parens
error 6: expected a binding in the prefix let expression
error 12: Expected to find a prefix binding in parens
error 13: expected a binding in the prefix let expression

