---
source: crates/parser/src/tests.rs
description: "module foo { declare joe: Person }\n"
input_file: crates/parser/test_data/parser/inline/ok/dir/0110_module_directive.ath
---
MODULE_DIR
  MODULE_KW "module"
  WHITESPACE " "
  NAME
    IDENT "foo"
  WHITESPACE " "
  L_CURLY "{"
  WHITESPACE " "
  INFIX_DECLARE_DIR
    DECLARE_KW "declare"
    WHITESPACE " "
    NAME
      IDENT "joe"
    COLON ":"
    WHITESPACE " "
    IDENT_SORT
      NAME_REF
        IDENT "Person"
  WHITESPACE " "
  R_CURLY "}"
  WHITESPACE "\n"

