---
source: crates/parser/src/tests.rs
description: "declare set->map: (S, T) [(Set (Pair S T))] -> (Map S T)"
input_file: crates/parser/test_data/parser/ok/file/complex-declare.ath
---
SOURCE_FILE
  DIR_STMT
    INFIX_DECLARE_DIR
      DECLARE_KW "declare"
      WHITESPACE " "
      IDENTIFIER
        IDENT "set->map"
      COLON ":"
      WHITESPACE " "
      SORT_VARS_DECL
        L_PAREN "("
        IDENTIFIER
          IDENT "S"
        COMMA ","
        WHITESPACE " "
        IDENT_SORT
          IDENTIFIER
            IDENT "T"
        R_PAREN ")"
      WHITESPACE " "
      FUNC_SORTS
        L_BRACK "["
        COMPOUND_SORT
          L_PAREN "("
          IDENT_SORT
            IDENTIFIER
              IDENT "Set"
          WHITESPACE " "
          COMPOUND_SORT
            L_PAREN "("
            IDENT_SORT
              IDENTIFIER
                IDENT "Pair"
            WHITESPACE " "
            IDENT_SORT
              IDENTIFIER
                IDENT "S"
            WHITESPACE " "
            IDENT_SORT
              IDENTIFIER
                IDENT "T"
            R_PAREN ")"
          R_PAREN ")"
        R_BRACK "]"
      WHITESPACE " "
      THIN_ARROW "->"
      WHITESPACE " "
      COMPOUND_SORT
        L_PAREN "("
        IDENT_SORT
          IDENTIFIER
            IDENT "Map"
        WHITESPACE " "
        IDENT_SORT
          IDENTIFIER
            IDENT "S"
        WHITESPACE " "
        IDENT_SORT
          IDENTIFIER
            IDENT "T"
        R_PAREN ")"

