---
source: crates/parser/src/tests.rs
description: "make-vector foo\n"
input_file: crates/parser/test_data/parser/inline/err/expr/0012_make_vector_expr_no_phrase.ath
---
MAKE_VECTOR_EXPR
  MAKE_VECTOR_KW "make-vector"
  WHITESPACE " "
  IDENT_EXPR
    NAME_REF
      IDENT "foo"
  WHITESPACE "\n"
error 15: Expected to find a value (phrase) for the make_vector expression

