---
source: crates/parser/src/tests.rs
description: "(!absurd (q by (!mp premise p)))\n"
input_file: crates/parser/test_data/parser/ok/file/by-ded.ath
---
SOURCE_FILE
  PHRASE_STMT
    DED_PHRASE
      BANG_METHOD_CALL_DED
        L_PAREN "("
        BANG "!"
        IDENT_EXPR
          IDENTIFIER
            IDENT "absurd"
        WHITESPACE " "
        EXPR_PHRASE
          BY_DED
            L_PAREN "("
            EXPR_PHRASE
              IDENT_EXPR
                IDENTIFIER
                  IDENT "q"
            WHITESPACE " "
            BY_KW "by"
            WHITESPACE " "
            BANG_METHOD_CALL_DED
              L_PAREN "("
              BANG "!"
              IDENT_EXPR
                IDENTIFIER
                  IDENT "mp"
              WHITESPACE " "
              EXPR_PHRASE
                IDENT_EXPR
                  IDENTIFIER
                    IDENT "premise"
              WHITESPACE " "
              EXPR_PHRASE
                IDENT_EXPR
                  IDENTIFIER
                    IDENT "p"
              R_PAREN ")"
            R_PAREN ")"
        R_PAREN ")"
  WHITESPACE "\n"

