---
source: crates/parser/src/tests.rs
description: "(&& foo bar true)\n"
input_file: crates/parser/test_data/parser/inline/ok/expr/0021_simple_and_expr.ath
---
AND_EXPR
  L_PAREN "("
  AMP2 "&&"
  WHITESPACE " "
  IDENT_EXPR
    NAME_REF
      IDENT "foo"
  WHITESPACE " "
  IDENT_EXPR
    NAME_REF
      IDENT "bar"
  WHITESPACE " "
  IDENT_EXPR
    NAME_REF
      IDENT "true"
  R_PAREN ")"
  WHITESPACE "\n"

