---
source: crates/parser/src/tests.rs
description: "(dlet ((foo 1) (bar 2)))\n"
input_file: crates/parser/test_data/parser/inline/err/ded/0179_prefix_let_ded_no_body.ath
---
PREFIX_LET_DED
  L_PAREN "("
  DLET_KW "dlet"
  WHITESPACE " "
  L_PAREN "("
  PREFIX_BINDING
    L_PAREN "("
    IDENT_PAT
      IDENTIFIER
        IDENT "foo"
    WHITESPACE " "
    EXPR_PHRASE
      IDENT_EXPR
        IDENTIFIER
          IDENT "1"
    R_PAREN ")"
  WHITESPACE " "
  PREFIX_BINDING
    L_PAREN "("
    IDENT_PAT
      IDENTIFIER
        IDENT "bar"
    WHITESPACE " "
    EXPR_PHRASE
      IDENT_EXPR
        IDENTIFIER
          IDENT "2"
    R_PAREN ")"
  R_PAREN ")"
  R_PAREN ")"
  WHITESPACE "\n"
error 23: Expected to find a body (deduction) for the prefix let deduction

