---
source: crates/parser/src/tests.rs
description: "define-sort Foo := Int\n"
input_file: crates/parser/test_data/parser/inline/ok/file/0161_define_sort_dir_file.ath
---
SOURCE_FILE
  DEFINE_SORT_DIR
    DEFINE_SORT_KW "define-sort"
    WHITESPACE " "
    NAME
      IDENT "Foo"
    WHITESPACE " "
    COLON_EQ ":="
    WHITESPACE " "
    IDENT_EXPR
      NAME_REF
        IDENT "Int"
  WHITESPACE "\n"

