---
source: crates/parser/src/tests.rs
description: "? :bar\n"
input_file: crates/parser/test_data/parser/inline/err/expr/0002_term_var_no_identifier.ath
---
TERM_VAR_EXPR
  QUESTION "?"
  WHITESPACE " "
  COLON ":"
  IDENT_SORT
    IDENTIFIER
      IDENT "bar"
      WHITESPACE "\n"
error 2: Expected to find an identifier for the term variable

