---
source: crates/parser/src/tests.rs
description: "private define bar := false\n"
input_file: crates/parser/test_data/parser/inline/ok/dir/0113_define_private.ath
---
INFIX_DEFINE_DIR
  PRIVATE_KW "private"
  WHITESPACE " "
  DEFINE_KW "define"
  WHITESPACE " "
  NAME
    IDENT "bar"
  WHITESPACE " "
  COLON_EQ ":="
  WHITESPACE " "
  IDENT_EXPR
    NAME_REF
      IDENT "false"
  WHITESPACE "\n"

