---
source: crates/parser/src/tests.rs
description: "letrec { a := b; c := d }\n"
input_file: crates/parser/test_data/parser/inline/err/expr/0056_let_rec_expr_no_body.ath
---
LET_REC_EXPR
  LETREC_KW "letrec"
  WHITESPACE " "
  L_CURLY "{"
  WHITESPACE " "
  LET_REC_PART
    IDENTIFIER
      IDENT "a"
    WHITESPACE " "
    COLON_EQ ":="
    WHITESPACE " "
    IDENT_EXPR
      IDENTIFIER
        IDENT "b"
  LET_REC_PART
    SEMI ";"
    WHITESPACE " "
    IDENTIFIER
      IDENT "c"
    WHITESPACE " "
    COLON_EQ ":="
    WHITESPACE " "
    IDENT_EXPR
      IDENTIFIER
        IDENT "d"
  WHITESPACE " "
  R_CURLY "}"
  WHITESPACE "\n"
error 25: Expected a letrec body

