---
source: crates/parser/src/tests.rs
description: "check { foo => bar\n| => foo }\n"
input_file: crates/parser/test_data/parser/inline/err/expr/0050_check_arm_no_phrase.ath
---
CHECK_EXPR
  CHECK_KW "check"
  WHITESPACE " "
  L_CURLY "{"
  WHITESPACE " "
  CHECK_ARM
    EXPR_PHRASE
      IDENT_EXPR
        NAME_REF
          IDENT "foo"
    WHITESPACE " "
    FAT_ARROW "=>"
    WHITESPACE " "
    IDENT_EXPR
      NAME_REF
        IDENT "bar"
  WHITESPACE "\n"
  CHECK_ARM
    PIPE "|"
    WHITESPACE " "
    FAT_ARROW "=>"
    WHITESPACE " "
    IDENT_EXPR
      NAME_REF
        IDENT "foo"
  WHITESPACE " "
  R_CURLY "}"
  WHITESPACE "\n"
error 20: Expected to find a phrase for the check arm

