---
source: crates/parser/src/tests.rs
description: "(foo as )\n"
input_file: crates/parser/test_data/parser/inline/err/pat/0165_named_as_pat_no_pat.ath
---
NAMED_PAT
  L_PAREN "("
  NAME
    IDENT "foo"
  WHITESPACE " "
  AS_KW "as"
  WHITESPACE " "
  R_PAREN ")"
  WHITESPACE "\n"
error 7: expected a pattern to bind to

