---
source: crates/parser/src/tests.rs
description: "vector-set! foo 0 bar\n"
input_file: crates/parser/test_data/parser/inline/ok/expr/0030_simple_vector_set_expr.ath
---
VECTOR_SET_EXPR
  VECTOR_SETBANG_KW "vector-set!"
  WHITESPACE " "
  IDENT_EXPR
    NAME_REF
      IDENT "foo"
  WHITESPACE " "
  IDENT_EXPR
    NAME_REF
      IDENT "0"
  WHITESPACE " "
  IDENT_EXPR
    NAME_REF
      IDENT "bar"
  WHITESPACE "\n"

