---
source: crates/parser/src/tests.rs
description: "declare foo : [Int] -> Int [100 bar left-assoc]\n"
input_file: crates/parser/test_data/parser/inline/ok/dir/0100_declare_attrs_multiple.ath
---
DECLARE_DIR
  DECLARE_KW "declare"
  WHITESPACE " "
  IDENTIFIER
    IDENT "foo"
    WHITESPACE " "
  COLON ":"
  WHITESPACE " "
  FUNC_SORTS
    L_BRACK "["
    IDENT_SORT
      IDENTIFIER
        IDENT "Int"
    R_BRACK "]"
    WHITESPACE " "
  THIN_ARROW "->"
  WHITESPACE " "
  IDENT_SORT
    IDENTIFIER
      IDENT "Int"
      WHITESPACE " "
  DECLARE_ATTRS
    L_BRACK "["
    DECLARE_ATTR
      IDENTIFIER
        IDENT "100"
        WHITESPACE " "
    DECLARE_ATTR
      IDENTIFIER
        IDENT "bar"
        WHITESPACE " "
    DECLARE_ATTR
      LEFT_ASSOC_KW "left-assoc"
    R_BRACK "]"
    WHITESPACE "\n"

