---
source: crates/parser/src/tests.rs
description: "private define [a b] := [1 2]\n"
input_file: crates/parser/test_data/parser/inline/ok/dir/0112_define_multi_private.ath
---
INFIX_DEFINE_DIR
  PRIVATE_KW "private"
  WHITESPACE " "
  DEFINE_KW "define"
  WHITESPACE " "
  LIST_PAT
    L_BRACK "["
    IDENT_PAT
      NAME
        IDENT "a"
    WHITESPACE " "
    IDENT_PAT
      NAME
        IDENT "b"
    R_BRACK "]"
  WHITESPACE " "
  COLON_EQ ":="
  WHITESPACE " "
  EXPR_PHRASE
    LIST_EXPR
      L_BRACK "["
      EXPR_PHRASE
        IDENT_EXPR
          NAME_REF
            IDENT "1"
      WHITESPACE " "
      EXPR_PHRASE
        IDENT_EXPR
          NAME_REF
            IDENT "2"
      R_BRACK "]"
  WHITESPACE "\n"

