---
source: crates/parser/src/tests.rs
description: "define-sort Foo := Int\n"
input_file: crates/parser/test_data/parser/inline/ok/dir/0160_define_sort_dir.ath
---
DEFINE_SORT_DIR
  DEFINE_SORT_KW "define-sort"
  WHITESPACE " "
  NAME
    IDENT "Foo"
  WHITESPACE " "
  COLON_EQ ":="
  WHITESPACE " "
  IDENT_EXPR
    NAME_REF
      IDENT "Int"
  WHITESPACE "\n"

