---
source: crates/parser/src/tests.rs
description: "(as foo bar)\n"
input_file: crates/parser/test_data/parser/inline/ok/pat/0161_named_pat_as_start.ath
---
NAMED_PAT
  L_PAREN "("
  AS_KW "as"
  WHITESPACE " "
  IDENTIFIER
    IDENT "foo"
  WHITESPACE " "
  IDENT_PAT
    IDENTIFIER
      IDENT "bar"
  R_PAREN ")"
  WHITESPACE "\n"

