---
source: crates/parser/src/tests.rs
description: "(seq foo bar baz)\n"
input_file: crates/parser/test_data/parser/inline/ok/expr/0023_simple_seq_expr.ath
---
SEQ_EXPR
  L_PAREN "("
  SEQ_KW "seq"
  WHITESPACE " "
  EXPR_PHRASE
    IDENT_EXPR
      IDENTIFIER
        IDENT "foo"
        WHITESPACE " "
  EXPR_PHRASE
    IDENT_EXPR
      IDENTIFIER
        IDENT "bar"
        WHITESPACE " "
  EXPR_PHRASE
    IDENT_EXPR
      IDENTIFIER
        IDENT "baz"
  R_PAREN ")"
  WHITESPACE "\n"

