---
source: crates/parser/src/tests.rs
description: "pick-any : Int (!claim A)\n"
input_file: crates/parser/test_data/parser/inline/err/ded/0065_pick_any_no_ident.ath
---
PICK_ANY_DED
  PICK_ANY_KW "pick-any"
  WHITESPACE " "
  TYPED_PARAM
    COLON ":"
    WHITESPACE " "
    IDENT_SORT
      NAME_REF
        IDENT "Int"
  WHITESPACE " "
  BANG_METHOD_CALL_DED
    L_PAREN "("
    BANG "!"
    IDENT_EXPR
      NAME_REF
        IDENT "claim"
    WHITESPACE " "
    EXPR_PHRASE
      IDENT_EXPR
        NAME_REF
          IDENT "A"
    R_PAREN ")"
  WHITESPACE "\n"
error 9: expected identifier in pick any binding

