---
source: crates/parser/src/tests.rs
description: "let {  }\n"
input_file: crates/parser/test_data/parser/inline/err/expr/0024_let_expr_no_part.ath
---
LET_EXPR
  LET_KW "let"
  WHITESPACE " "
  L_CURLY "{"
  WHITESPACE "  "
  R_CURLY "}"
  WHITESPACE "\n"
error 7: Expected to find at least one binding for the let expression

