---
source: crates/parser/src/tests.rs
description: "[a b c\n"
input_file: crates/parser/test_data/parser/inline/err/pat/0043_list_pat_no_end.ath
---
LIST_PAT
  L_BRACK "["
  IDENT_PAT
    NAME
      IDENT "a"
  WHITESPACE " "
  IDENT_PAT
    NAME
      IDENT "b"
  WHITESPACE " "
  IDENT_PAT
    NAME
      IDENT "c"
  WHITESPACE "\n"
error 6: expected R_BRACK

