---
source: crates/parser/src/tests.rs
description: "match foo\n"
input_file: crates/parser/test_data/parser/inline/err/expr/0152_match_no_clauses.ath
---
INFIX_MATCH_EXPR
  MATCH_KW "match"
  WHITESPACE " "
  IDENT_EXPR
    NAME_REF
      IDENT "foo"
  WHITESPACE "\n"
error 9: Expected to find clauses for the match

