---
source: crates/parser/src/tests.rs
description: "expand-input foo, bar, baz [nat->int]\n"
input_file: crates/parser/test_data/parser/inline/ok/dir/0159_infix_expand_input_dir.ath
---
EXPAND_INPUT_DIR
  EXPAND_INPUT_KW "expand-input"
  WHITESPACE " "
  IDENT_EXPR
    NAME_REF
      IDENT "foo"
  COMMA ","
  WHITESPACE " "
  IDENT_EXPR
    NAME_REF
      IDENT "bar"
  COMMA ","
  WHITESPACE " "
  IDENT_EXPR
    NAME_REF
      IDENT "baz"
  WHITESPACE " "
  LIST_EXPR
    L_BRACK "["
    IDENT_EXPR
      NAME_REF
        IDENT "nat->int"
    R_BRACK "]"
  WHITESPACE "\n"

