---
source: crates/parser/src/tests.rs
description: "datatypes Foo := bar | (baz num:Int) && Baz := quz | (qux val:Int)\n"
input_file: crates/parser/test_data/parser/inline/ok/stmt/0105_datatypes_stmt.ath
---
DATATYPES_STMT
  DATATYPES_KW "datatypes"
  WHITESPACE " "
  STRUCTURE_DEF
    STRUCTURE_NAME_DEF
      IDENT_SORT
        IDENTIFIER
          IDENT "Foo"
    WHITESPACE " "
    COLON_EQ ":="
    WHITESPACE " "
    CONSTANT_CONSTRUCTOR
      IDENTIFIER
        IDENT "bar"
    WHITESPACE " "
    PIPE "|"
    WHITESPACE " "
    COMPOUND_CONSTRUCTOR
      L_PAREN "("
      IDENTIFIER
        IDENT "baz"
      WHITESPACE " "
      MAYBE_TAGGED_SORT_DECL
        IDENTIFIER
          IDENT "num"
        COLON ":"
        IDENT_SORT
          IDENTIFIER
            IDENT "Int"
      R_PAREN ")"
  WHITESPACE " "
  AMP2 "&&"
  WHITESPACE " "
  STRUCTURE_DEF
    STRUCTURE_NAME_DEF
      IDENT_SORT
        IDENTIFIER
          IDENT "Baz"
    WHITESPACE " "
    COLON_EQ ":="
    WHITESPACE " "
    CONSTANT_CONSTRUCTOR
      IDENTIFIER
        IDENT "quz"
    WHITESPACE " "
    PIPE "|"
    WHITESPACE " "
    COMPOUND_CONSTRUCTOR
      L_PAREN "("
      IDENTIFIER
        IDENT "qux"
      WHITESPACE " "
      MAYBE_TAGGED_SORT_DECL
        IDENTIFIER
          IDENT "val"
        COLON ":"
        IDENT_SORT
          IDENTIFIER
            IDENT "Int"
      R_PAREN ")"
  WHITESPACE "\n"

