---
source: crates/parser/src/tests.rs
description: "pick-any a : Int\n"
input_file: crates/parser/test_data/parser/inline/err/ded/0063_pick_any_no_body.ath
---
PICK_ANY_DED
  PICK_ANY_KW "pick-any"
  WHITESPACE " "
  TYPED_PARAM
    NAME
      IDENT "a"
    WHITESPACE " "
    COLON ":"
    WHITESPACE " "
    IDENT_SORT
      NAME_REF
        IDENT "Int"
  WHITESPACE "\n"
error 16: expected body for pick any

