---
source: crates/parser/src/tests.rs
description: "(assert foo := (bar = bar))\n"
input_file: crates/parser/test_data/parser/inline/ok/dir/0176_prefix_assert_named.ath
---
PREFIX_ASSERT_DIR
  L_PAREN "("
  ASSERT_KW "assert"
  WHITESPACE " "
  NAME
    IDENT "foo"
  WHITESPACE " "
  COLON_EQ ":="
  WHITESPACE " "
  APPLICATION_EXPR
    L_PAREN "("
    IDENT_EXPR
      NAME_REF
        IDENT "bar"
    WHITESPACE " "
    IDENT_EXPR
      NAME_REF
        IDENT "="
    WHITESPACE " "
    IDENT_EXPR
      NAME_REF
        IDENT "bar"
    R_PAREN ")"
  R_PAREN ")"
  WHITESPACE "\n"

