---
source: crates/parser/src/tests.rs
description: "extend-module foo { }\n"
input_file: crates/parser/test_data/parser/inline/err/dir/0115_extend_module_empty.ath
---
EXTEND_MODULE_DIR
  EXTEND_MODULE_KW "extend-module"
  WHITESPACE " "
  NAME_REF
    IDENT "foo"
  WHITESPACE " "
  L_CURLY "{"
  WHITESPACE " "
  R_CURLY "}"
  WHITESPACE "\n"
error 19: expected module body

