---
source: crates/parser/src/tests.rs
description: "letrec { foo := (hotline miami) } foo\n"
input_file: crates/parser/test_data/parser/inline/ok/expr/0057_simple_let_rec_expr.ath
---
LET_REC_EXPR
  LETREC_KW "letrec"
  WHITESPACE " "
  L_CURLY "{"
  WHITESPACE " "
  LET_REC_PART
    NAME
      IDENT "foo"
    WHITESPACE " "
    COLON_EQ ":="
    WHITESPACE " "
    APPLICATION_EXPR
      L_PAREN "("
      IDENT_EXPR
        NAME_REF
          IDENT "hotline"
      WHITESPACE " "
      IDENT_EXPR
        NAME_REF
          IDENT "miami"
      R_PAREN ")"
  WHITESPACE " "
  R_CURLY "}"
  WHITESPACE " "
  IDENT_EXPR
    NAME_REF
      IDENT "foo"
  WHITESPACE "\n"

