---
source: crates/parser/src/tests.rs
description: "datatype Foo := bar |\n"
input_file: crates/parser/test_data/parser/inline/err/stmt/0108_structure_def_trailing_pipe.ath
---
DATATYPE_STMT
  DATATYPE_KW "datatype"
  WHITESPACE " "
  STRUCTURE_DEF
    STRUCTURE_NAME_DEF
      IDENT_SORT
        IDENTIFIER
          IDENT "Foo"
          WHITESPACE " "
    COLON_EQ ":="
    WHITESPACE " "
    CONSTANT_CONSTRUCTOR
      IDENTIFIER
        IDENT "bar"
        WHITESPACE " "
    PIPE "|"
    WHITESPACE "\n"
error 22: expected a constructor following the `|`

