---
source: crates/parser/src/tests.rs
description: "structure Foo := bar | (baz num:Int)\n"
input_file: crates/parser/test_data/parser/inline/ok/stmt/0103_structure_stmt.ath
---
STRUCTURE_STMT
  STRUCTURE_KW "structure"
  WHITESPACE " "
  STRUCTURE_DEF
    STRUCTURE_NAME_DEF
      IDENT_SORT_DECL
        NAME
          IDENT "Foo"
    WHITESPACE " "
    COLON_EQ ":="
    WHITESPACE " "
    CONSTANT_CONSTRUCTOR
      NAME
        IDENT "bar"
    WHITESPACE " "
    PIPE "|"
    WHITESPACE " "
    COMPOUND_CONSTRUCTOR
      L_PAREN "("
      NAME
        IDENT "baz"
      WHITESPACE " "
      MAYBE_TAGGED_FIELD_SORT
        NAME
          IDENT "num"
        COLON ":"
        IDENT_SORT
          NAME_REF
            IDENT "Int"
      R_PAREN ")"
  WHITESPACE "\n"

