---
source: crates/parser/src/tests.rs
description: "check { }\n"
input_file: crates/parser/test_data/parser/inline/err/expr/0006_check_expr_no_arms.ath
---
ERROR
  CHECK_EXPR
    CHECK_KW "check"
    WHITESPACE " "
    L_CURLY "{"
    WHITESPACE " "
  R_CURLY "}"
  WHITESPACE "\n"
error 8: Expected at least one arm in the check expression

