---
source: crates/parser/src/tests.rs
description: "define [foo] := true\n"
input_file: crates/parser/test_data/parser/inline/ok/dir/0127_define_multi_one.ath
---
INFIX_DEFINE_DIR
  DEFINE_KW "define"
  WHITESPACE " "
  LIST_PAT
    L_BRACK "["
    IDENT_PAT
      IDENTIFIER
        IDENT "foo"
    R_BRACK "]"
  WHITESPACE " "
  COLON_EQ ":="
  WHITESPACE " "
  EXPR_PHRASE
    IDENT_EXPR
      IDENTIFIER
        IDENT "true"
  WHITESPACE "\n"

