---
source: crates/parser/src/tests.rs
description: "extend-module foo {\n"
input_file: crates/parser/test_data/parser/inline/err/dir/0114_extend_module_no_rbrace.ath
---
EXTEND_MODULE_DIR
  EXTEND_MODULE_KW "extend-module"
  WHITESPACE " "
  IDENTIFIER
    IDENT "foo"
    WHITESPACE " "
  L_CURLY "{"
  WHITESPACE "\n"
error 20: expected R_CURLY

