---
source: crates/parser/src/tests.rs
description: "datatype-cases a on { a => (!claim a) }\n"
input_file: crates/parser/test_data/parser/inline/err/ded/0124_cases_with_on_no_term.ath
---
CASES_DED
  DATATYPE_CASES_KW "datatype-cases"
  WHITESPACE " "
  IDENT_EXPR
    NAME_REF
      IDENT "a"
  WHITESPACE " "
  ON_KW "on"
  WHITESPACE " "
  L_CURLY "{"
  WHITESPACE " "
  RESTRICTED_MATCH_DED
    IDENT_PAT
      NAME
        IDENT "a"
    WHITESPACE " "
    FAT_ARROW "=>"
    WHITESPACE " "
    BANG_METHOD_CALL_DED
      L_PAREN "("
      BANG "!"
      IDENT_EXPR
        NAME_REF
          IDENT "claim"
      WHITESPACE " "
      IDENT_EXPR
        NAME_REF
          IDENT "a"
      R_PAREN ")"
  WHITESPACE " "
  R_CURLY "}"
  WHITESPACE "\n"
error 19: expected term after `on` in datatype-cases deduction

