---
source: crates/parser/src/tests.rs
description: "pick-witnesses a for b c (!claim a)\n"
input_file: crates/parser/test_data/parser/inline/ok/ded/0117_pick_witnesses_with_ident.ath
---
PICK_WITNESSES_DED
  PICK_WITNESSES_KW "pick-witnesses"
  WHITESPACE " "
  IDENTIFIER
    IDENT "a"
    WHITESPACE " "
  FOR_KW "for"
  WHITESPACE " "
  EXPR_PHRASE
    IDENT_EXPR
      IDENTIFIER
        IDENT "b"
        WHITESPACE " "
  IDENTIFIER
    IDENT "c"
    WHITESPACE " "
  BANG_METHOD_CALL_DED
    L_PAREN "("
    BANG "!"
    IDENT_EXPR
      IDENTIFIER
        IDENT "claim"
        WHITESPACE " "
    EXPR_PHRASE
      IDENT_EXPR
        IDENTIFIER
          IDENT "a"
    R_PAREN ")"
    WHITESPACE "\n"

