---
source: crates/parser/src/tests.rs
description: "(foo bind bar)\n"
input_file: crates/parser/test_data/parser/inline/ok/pat/0160_named_pat_bind_in_middle.ath
---
NAMED_PAT
  L_PAREN "("
  IDENTIFIER
    IDENT "foo"
  WHITESPACE " "
  BIND_KW "bind"
  WHITESPACE " "
  IDENT_PAT
    IDENTIFIER
      IDENT "bar"
  R_PAREN ")"
  WHITESPACE "\n"

