---
source: crates/parser/src/tests.rs
description: "assert := true\n"
input_file: crates/parser/test_data/parser/inline/err/dir/0103_assert_no_name.ath
---
ASSERT_DIR
  ASSERT_KW "assert"
  WHITESPACE " "
  COLON_EQ ":="
  WHITESPACE " "
  IDENT_EXPR
    IDENTIFIER
      IDENT "true"
      WHITESPACE "\n"
error 7: expected identifier for the assertion

