---
source: crates/syntax/src/tests.rs
description: ((!claim A) by (!claim B))
input_file: crates/syntax/test_data/validation/by-ded-expr-start.ath
---
SOURCE_FILE
  PHRASE_STMT
    EXPR_PHRASE
      BY_DED
        L_PAREN "("
        DED_PHRASE
          BANG_METHOD_CALL_DED
            L_PAREN "("
            BANG "!"
            IDENT_EXPR
              IDENTIFIER
                IDENT "claim"
            WHITESPACE " "
            EXPR_PHRASE
              IDENT_EXPR
                IDENTIFIER
                  IDENT "A"
            R_PAREN ")"
        WHITESPACE " "
        BY_KW "by"
        WHITESPACE " "
        BANG_METHOD_CALL_DED
          L_PAREN "("
          BANG "!"
          IDENT_EXPR
            IDENTIFIER
              IDENT "claim"
          WHITESPACE " "
          EXPR_PHRASE
            IDENT_EXPR
              IDENTIFIER
                IDENT "B"
          R_PAREN ")"
        R_PAREN ")"
error Node(BANG_METHOD_CALL_DED@1..11): By deduction must start with an expression

